-- stdout -------------------------------------------

Cmpltest running on a little ender machine
The BCPL word is 64 bits long

   1                            33 OK
   2                           303 OK
   3                             3 OK
   4                            44 OK
   5                            -1 OK
   6                             0 OK
   7                             1 OK
   8                            11 OK
   9                           101 OK
  10                             5 OK
  11                            15 OK
  12                           105 OK
  13                          1234 OK
  14                          5678 OK
  15                            75 OK
  16                           433 OK
  17                           150 OK
  18                            50 OK
  19                             3 OK
  20                            -3 OK
  21                            -3 OK
  22                             3 OK
  23                             2 OK
  24                             1 OK
  25                            26 OK
  26                             1 OK
  27                             5 OK
  28                             0 OK
  29                          -105 OK
  30                            -1 OK
  31                             0 OK
  32                             0 OK
  33                            -1 OK
  34                             0 OK
  35                            -1 OK
  36                             0 OK
  37                            -1 OK
  38                            -1 OK
  39                             0 OK
  40                             0 OK
  41                            -1 OK
  42                            -1 OK
  43                             0 OK
  44                             0 OK
  45                            -1 OK
  46                             0 OK
  47                            -1 OK
  48                             0 OK
  49                            -1 OK
  50                             0 OK
  51                            -1 OK
  52                            -1 OK
  53                             0 OK
  60                          8168 OK
  61                           127 OK
  62                          8168 OK
  63                           127 OK
  70                             8 OK
  71                            14 OK
  72                            25 OK
  73                             6 OK
  74                             0 OK
  75                            -1 OK
  76                            -6 OK
  80                          -105 OK
  81                          1000 OK
  82                          1000 OK
  83                          1234 OK
  84                          5678 OK
  90                         10000 OK
  91                         10000 OK
  92                         10000 OK
  93                         10001 OK
  94                         10001 OK
  95                         10200 OK
  96                            16 OK
  97                            16 OK
  98                            11 OK
 100                            -5 OK
 101                            -2 OK
 102                           105 OK
 103                            11 OK
 104                            15 OK
 105                            15 OK
 106                            16 OK
 107                            15 OK
 108                            22 OK
 109                             0 OK
 110                            15 OK
 111                           120 OK
 130                             1 OK
 131                             2 OK
 132                             2 OK
 133                             1 OK
 134                             2 OK
 135                             1 OK
 136                             2 OK
 137                             1 OK
 138                             1 OK
 139                             2 OK
 140                             2 OK
 141                             1 OK
 142                             1 OK
 143                             2 OK
 144                             2 OK
 145                             1 OK
 146                             2 OK
 147                             1 OK
 148                             2 OK
 149                             1 OK
 150                             2 OK
 151                             1 OK
 152                             1 OK
 153                             2 OK
 200                             0 OK
 201                             0 OK
 202                             0 OK
 203                        369528 OK
 204                        385136 OK
 205                        369528 OK
 250                            21 OK
 251                             1 OK
 252                             2 OK
 253                             3 OK
 254                             4 OK
 255                             5 OK
 256                             6 OK
 257                            21 OK
 258                            21 OK
 259                            21 OK
 260                             2 OK
 261                             4 OK
 262                             6 OK
 263                            21 OK
 264                             2 OK
 265                             5 OK
 266                            21 OK
 267                         33400 OK
 268                             6 OK
 300                           116 OK
 301                           116 OK
 302                           116 OK
 303                             1 OK
 304                            99 OK
 305                            21 OK
 306                            32 OK
 307                            41 OK
 308                            51 OK
 400                             0 OK
 401                             1 OK
 402                             2 OK
 403                             1 OK
 404                           102 OK
 405                            12 OK
 406                            11 OK
 407                           101 OK
 408                           102 OK
 409                           103 OK
 410                           103 OK
 411                           123 OK
 412                           123 OK
 413                           123 OK
 500                         10000 OK
 501                     100000000 OK
 502                         20000 OK
 503                     100010000 OK
 504                             0 OK
 505                     -99990000 OK
 600                           103 OK
 601                           104 OK
 602                           105 OK
 603                           106 OK
 604                           107 OK
 605                           108 OK
 606                           109 OK
 607                           110 OK
 608                           111 OK
 609                           112 OK
 610                           113 OK
 611                           114 OK
 612                           115 OK
 613                           116 OK
 614                           117 OK
 700                             1 OK
 701                             2 OK
 702                             4 OK
 703          -9223372036854775808 OK
 704                             0 OK
 705                             0 OK
 706                             1 OK
 707                             1 OK
 708                             1 OK
 709                             0 OK
 710                             0 OK
 800                            20 OK
 801                            30 OK
 802                             0 OK
 803                          1001 OK
 804                          1002 OK
 805                          1003 OK
 806                          1004 OK
 807                          1005 OK
 808                          2001 OK
 809                          2002 OK
 810                          2003 OK
 811                          2004 OK
 812                          2005 OK
 813                            21 OK
 814                            22 OK
 815                            23 OK
 816                             3 OK
 817                            10 OK
 818                           101 OK
 819                           202 OK
 820                           401 OK
 821                             2 OK
 822                             8 OK
2000                           123 OK
2001                           123 OK
2002                           123 OK
2003                           123 OK
2004                           123 OK
2005                            27 OK
2006                           123 OK
2007                           123 OK
2008                           123 OK
2009                           123 OK
2010                           123 OK
2011                           123 OK
2012                           123 OK
2013                           123 OK
2014                           123 OK
2015                           123 OK
2016                           123 OK
2017                           123 OK
2018                           123 OK
2019                           123 OK
2020                           123 OK
2021                           123 OK
2022                           123 OK
2023                           123 OK
2024                           123 OK
2025                           123 OK
2026                            26 OK
2027                            27 OK
2028                           123 OK
2029                           123 OK
2030                           123 OK
2031                           123 OK
2032                           123 OK
2033                           123 OK
2034                           123 OK
2035                           123 OK
2036                           123 OK
2037                           123 OK
2038                           123 OK
2039                           123 OK
2040                           123 OK
2041                           123 OK
2042                             1 OK
2043                           123 OK
2044                           123 OK
2045                           123 OK
2046                           123 OK
2047                            25 OK
2048                            26 OK
2049                           123 OK
2050                           123 OK
2051                           123 OK
2052                           123 OK
2053                           123 OK
2054                           123 OK
2055                           123 OK
2056                           123 OK
2057                           123 OK
2058                           123 OK
2059                           123 OK
2060                           123 OK
2061                           123 OK
2062                           123 OK
2063                             2 OK
2064                           123 OK
2065                           123 OK
2066                           123 OK
2067                           123 OK
2068                            24 OK
2069                            25 OK
2070                           123 OK
2071                           123 OK
2072                           123 OK
2073                           123 OK
2074                           123 OK
2075                           123 OK
2076                           123 OK
2077                           123 OK
2078                           123 OK
2079                           123 OK
2080                           123 OK
2081                           123 OK
2082                           123 OK
2083                           123 OK
2084                             3 OK
2085                           123 OK
2086                            10 OK
2087                           123 OK
2088                           123 OK
2089                            23 OK
2090                            24 OK
2091                           123 OK
2092                           123 OK
2093                           123 OK
2094                           123 OK
2095                           123 OK
2096                           123 OK
2097                           123 OK
2098                           123 OK
2099                           123 OK
2100                           123 OK
2101                           123 OK
2102                           123 OK
2103                           123 OK
2104                           123 OK
2105                             4 OK
2106                             8 OK
2107                             9 OK
2108                            11 OK
2109                            14 OK
2110                            18 OK
2111                            23 OK
2112                            28 OK
2113                            29 OK
2114                            30 OK
2115                            31 OK
2116                            32 OK
2117                            33 OK
2118                            34 OK
2119                            35 OK
2120                            36 OK
2121                            37 OK
2122                            38 OK
2123                            39 OK
2124                            40 OK
2125                            41 OK
2126                             5 OK
2127                           123 OK
2128                           123 OK
2129                            12 OK
2130                            15 OK
2131                            19 OK
2132                            18 OK
2133                           123 OK
2134                           123 OK
2135                           123 OK
2136                           123 OK
2137                           123 OK
2138                           123 OK
2139                           123 OK
2140                           123 OK
2141                           123 OK
2142                           123 OK
2143                           123 OK
2144                           123 OK
2145                           123 OK
2146                           123 OK
2147                             6 OK
2148                           123 OK
2149                           123 OK
2150                            13 OK
2151                            16 OK
2152                            20 OK
2153                            19 OK
2154                           123 OK
2155                           123 OK
2156                           123 OK
2157                           123 OK
2158                           123 OK
2159                           123 OK
2160                           123 OK
2161                           123 OK
2162                           123 OK
2163                           123 OK
2164                           123 OK
2165                           123 OK
2166                           123 OK
2167                           123 OK
2168                             7 OK
2169                           123 OK
2170                           123 OK
2171                           123 OK
2172                            17 OK
2173                            21 OK
2174                            20 OK
2175                           123 OK
2176                           123 OK
2177                           123 OK
2178                           123 OK
2179                           123 OK
2180                           123 OK
2181                           123 OK
2182                           123 OK
2183                           123 OK
2184                           123 OK
2185                           123 OK
2186                           123 OK
2187                           123 OK
2188                           123 OK
2189                           123 OK
2190                           123 OK
2191                           123 OK
2192                           123 OK
2193                           123 OK
2194                            22 OK
2195                            21 OK
2196                           123 OK
2197                           123 OK
2198                           123 OK
2199                           123 OK
2200                           123 OK
2201                           123 OK
2202                           123 OK
2203                           123 OK
2204                           123 OK
2205                           123 OK
2206                           123 OK
2207                           123 OK
2208                           123 OK
2209                           123 OK
2210                           123 OK
2211                           123 OK
2212                           123 OK
2213                           123 OK
2214                           123 OK
2215                           123 OK
2216                            22 OK
2217                           123 OK
2218                           123 OK
2219                           123 OK
2220                           123 OK
2221                           123 OK
2222                           123 OK
2223                           123 OK
2224                           123 OK
2225                           123 OK
2226                           123 OK
2227                           123 OK
2228                           123 OK
2229                           123 OK
2230                           123 OK
3000                   30064771072 OK
3001          -8690466096928522240 OK
3002           8690466096928522240 OK
3003          -8690466096928522240 OK
3004           8690466096928522240 OK
3005          -8690466096928522240 OK
3006           8690466096928522240 OK
3007          -8690466096928522240 OK
3008           8690466096928522240 OK
3100                            -1 OK

458 TESTS COMPLETED, 0 FAILURE(S)


-- stderr -------------------------------------------

